Traceback (most recent call last):
  File "C:\dev\duty-scheduler\.orca\temp\qa_driver.py", line 122, in main
    nav(pg, L["module_nm"], L["my"])
    ~~~^^^^^^^^^^^^^^^^^^^^^^^^^^^^^
  File "C:\dev\duty-scheduler\.orca\temp\qa_driver.py", line 52, in nav
    click_nav(pg, child); pg.wait_for_timeout(2800)
    ~~~~~~~~~^^^^^^^^^^^
  File "C:\dev\duty-scheduler\.orca\temp\qa_driver.py", line 45, in click_nav
    _pick(pg, "section[data-testid='stSidebar'] button", name).click()
    ~~~~~^^^^^^^^^^^^^^^^^^^^^^^^^^^^^^^^^^^^^^^^^^^^^^^^^^^^^
  File "C:\dev\duty-scheduler\.orca\temp\qa_driver.py", line 30, in _pick
    loc.first.wait_for(state="attached", timeout=15000)
    ~~~~~~~~~~~~~~~~~~^^^^^^^^^^^^^^^^^^^^^^^^^^^^^^^^^
  File "C:\dev\duty-scheduler\.venv\Lib\site-packages\playwright\sync_api\_generated.py", line 20298, in wait_for
    self._sync(
    ~~~~~~~~~~^
        self._impl_obj.wait_for(timeout=to_milliseconds(timeout), state=state)
        ^^^^^^^^^^^^^^^^^^^^^^^^^^^^^^^^^^^^^^^^^^^^^^^^^^^^^^^^^^^^^^^^^^^^^^
    )
    ^
  File "C:\dev\duty-scheduler\.venv\Lib\site-packages\playwright\_impl\_sync_base.py", line 115, in _sync
    return task.result()
           ~~~~~~~~~~~^^
  File "C:\dev\duty-scheduler\.venv\Lib\site-packages\playwright\_impl\_locator.py", line 741, in wait_for
    await self._frame.wait_for_selector(
        self._selector, strict=True, timeout=timeout, state=state
    )
  File "C:\dev\duty-scheduler\.venv\Lib\site-packages\playwright\_impl\_frame.py", line 394, in wait_for_selector
    await self._channel.send(
        "waitForSelector", self._timeout, locals_to_params(locals())
    )
  File "C:\dev\duty-scheduler\.venv\Lib\site-packages\playwright\_impl\_connection.py", line 69, in send
    return await self._connection.wrap_api_call(
           ^^^^^^^^^^^^^^^^^^^^^^^^^^^^^^^^^^^^^
    ...<3 lines>...
    )
    ^
  File "C:\dev\duty-scheduler\.venv\Lib\site-packages\playwright\_impl\_connection.py", line 563, in wrap_api_call
    raise rewrite_error(error, f"{parsed_st['apiName']}: {error}") from None
playwright._impl._errors.TimeoutError: Locator.wait_for: Timeout 15000ms exceeded.
Call log:
  - waiting for locator("section[data-testid='stSidebar'] button").filter(has_text="≥ª æ∆¬˜ªÁ∞Ì").first

Traceback (most recent call last):
  File "C:\dev\duty-scheduler\.orca\temp\qa_driver.py", line 171, in main
    nav(pg, L["module_nm"], L["improve"])
    ~~~^^^^^^^^^^^^^^^^^^^^^^^^^^^^^^^^^^
  File "C:\dev\duty-scheduler\.orca\temp\qa_driver.py", line 52, in nav
    click_nav(pg, child); pg.wait_for_timeout(2800)
    ~~~~~~~~~^^^^^^^^^^^
  File "C:\dev\duty-scheduler\.orca\temp\qa_driver.py", line 45, in click_nav
    _pick(pg, "section[data-testid='stSidebar'] button", name).click()
    ~~~~~^^^^^^^^^^^^^^^^^^^^^^^^^^^^^^^^^^^^^^^^^^^^^^^^^^^^^
  File "C:\dev\duty-scheduler\.orca\temp\qa_driver.py", line 30, in _pick
    loc.first.wait_for(state="attached", timeout=15000)
    ~~~~~~~~~~~~~~~~~~^^^^^^^^^^^^^^^^^^^^^^^^^^^^^^^^^
  File "C:\dev\duty-scheduler\.venv\Lib\site-packages\playwright\sync_api\_generated.py", line 20298, in wait_for
    self._sync(
    ~~~~~~~~~~^
        self._impl_obj.wait_for(timeout=to_milliseconds(timeout), state=state)
        ^^^^^^^^^^^^^^^^^^^^^^^^^^^^^^^^^^^^^^^^^^^^^^^^^^^^^^^^^^^^^^^^^^^^^^
    )
    ^
  File "C:\dev\duty-scheduler\.venv\Lib\site-packages\playwright\_impl\_sync_base.py", line 115, in _sync
    return task.result()
           ~~~~~~~~~~~^^
  File "C:\dev\duty-scheduler\.venv\Lib\site-packages\playwright\_impl\_locator.py", line 741, in wait_for
    await self._frame.wait_for_selector(
        self._selector, strict=True, timeout=timeout, state=state
    )
  File "C:\dev\duty-scheduler\.venv\Lib\site-packages\playwright\_impl\_frame.py", line 394, in wait_for_selector
    await self._channel.send(
        "waitForSelector", self._timeout, locals_to_params(locals())
    )
  File "C:\dev\duty-scheduler\.venv\Lib\site-packages\playwright\_impl\_connection.py", line 69, in send
    return await self._connection.wrap_api_call(
           ^^^^^^^^^^^^^^^^^^^^^^^^^^^^^^^^^^^^^
    ...<3 lines>...
    )
    ^
  File "C:\dev\duty-scheduler\.venv\Lib\site-packages\playwright\_impl\_connection.py", line 563, in wrap_api_call
    raise rewrite_error(error, f"{parsed_st['apiName']}: {error}") from None
playwright._impl._errors.TimeoutError: Locator.wait_for: Timeout 15000ms exceeded.
Call log:
  - waiting for locator("section[data-testid='stSidebar'] button").filter(has_text="∞≥º±¡∂ƒ° ∞¸∏Æ").first

Traceback (most recent call last):
  File "C:\dev\duty-scheduler\.orca\temp\qa_driver.py", line 205, in main
    frame=find_ag_frame(pg)
          ^^^^^^^^^^^^^
NameError: name 'find_ag_frame' is not defined
Traceback (most recent call last):
  File "C:\dev\duty-scheduler\.orca\temp\qa_driver.py", line 226, in main
    nav(pg, L["module_nm"], L["stats"])
    ~~~^^^^^^^^^^^^^^^^^^^^^^^^^^^^^^^^
  File "C:\dev\duty-scheduler\.orca\temp\qa_driver.py", line 52, in nav
    click_nav(pg, child); pg.wait_for_timeout(2800)
    ~~~~~~~~~^^^^^^^^^^^
  File "C:\dev\duty-scheduler\.orca\temp\qa_driver.py", line 45, in click_nav
    _pick(pg, "section[data-testid='stSidebar'] button", name).click()
    ~~~~~^^^^^^^^^^^^^^^^^^^^^^^^^^^^^^^^^^^^^^^^^^^^^^^^^^^^^
  File "C:\dev\duty-scheduler\.orca\temp\qa_driver.py", line 30, in _pick
    loc.first.wait_for(state="attached", timeout=15000)
    ~~~~~~~~~~~~~~~~~~^^^^^^^^^^^^^^^^^^^^^^^^^^^^^^^^^
  File "C:\dev\duty-scheduler\.venv\Lib\site-packages\playwright\sync_api\_generated.py", line 20298, in wait_for
    self._sync(
    ~~~~~~~~~~^
        self._impl_obj.wait_for(timeout=to_milliseconds(timeout), state=state)
        ^^^^^^^^^^^^^^^^^^^^^^^^^^^^^^^^^^^^^^^^^^^^^^^^^^^^^^^^^^^^^^^^^^^^^^
    )
    ^
  File "C:\dev\duty-scheduler\.venv\Lib\site-packages\playwright\_impl\_sync_base.py", line 115, in _sync
    return task.result()
           ~~~~~~~~~~~^^
  File "C:\dev\duty-scheduler\.venv\Lib\site-packages\playwright\_impl\_locator.py", line 741, in wait_for
    await self._frame.wait_for_selector(
        self._selector, strict=True, timeout=timeout, state=state
    )
  File "C:\dev\duty-scheduler\.venv\Lib\site-packages\playwright\_impl\_frame.py", line 394, in wait_for_selector
    await self._channel.send(
        "waitForSelector", self._timeout, locals_to_params(locals())
    )
  File "C:\dev\duty-scheduler\.venv\Lib\site-packages\playwright\_impl\_connection.py", line 69, in send
    return await self._connection.wrap_api_call(
           ^^^^^^^^^^^^^^^^^^^^^^^^^^^^^^^^^^^^^
    ...<3 lines>...
    )
    ^
  File "C:\dev\duty-scheduler\.venv\Lib\site-packages\playwright\_impl\_connection.py", line 563, in wrap_api_call
    raise rewrite_error(error, f"{parsed_st['apiName']}: {error}") from None
playwright._impl._errors.TimeoutError: Locator.wait_for: Timeout 15000ms exceeded.
Call log:
  - waiting for locator("section[data-testid='stSidebar'] button").filter(has_text="æ∆¬˜ªÁ∞Ì ∫–ºÆ").first

[PASS] login -- admin 1001
[PASS] s1_nav -- header={"info": "off", "language": "off", "add": "off", "refresh": "ON", "delete": "off", "print": "off", "save": "off", "star": "off"}
[PASS] s1_stage_photos -- thumbs=2
[PASS] s1_delete_photo -- after del thumbs=1
[PASS] s1_submit -- SUBMITTED banner
[FAIL] s2_my -- exc: Locator.wait_for: Timeout 15000ms exceeded.
Call log:
  - waiting for locator("section[data-testid='stSidebar'] button").filter(has_text="ÎÇ¥ ÏïÑÏ∞®ÏÇ¨Í≥†").first

[PASS] s3_nav -- header={"info": "off", "language": "off", "add": "off", "refresh": "ON", "delete": "off", "print": "off", "save": "off", "star": "off"}
[PASS] s3_review -- IN_REVIEW
[PASS] s3_gradeB -- grade B
[PASS] s3_confirm -- confirmed
[FAIL] s4_impr -- exc: Locator.wait_for: Timeout 15000ms exceeded.
Call log:
  - waiting for locator("section[data-testid='stSidebar'] button").filter(has_text="Í∞úÏÑ†Ï°∞Ïπò Í¥ÄÎ¶¨").first

[PASS] s5_nav -- header={"info": "off", "language": "off", "add": "off", "refresh": "ON", "delete": "off", "print": "off", "save": "off", "star": "off"}
[FAIL] s5_view -- exc: name 'find_ag_frame' is not defined
[FAIL] s6_stats -- exc: Locator.wait_for: Timeout 15000ms exceeded.
Call log:
  - waiting for locator("section[data-testid='stSidebar'] button").filter(has_text="ÏïÑÏ∞®ÏÇ¨Í≥† Î∂ÑÏÑù").first

[PASS] s7_nav -- header={"info": "off", "language": "off", "add": "ON", "refresh": "ON", "delete": "off", "print": "off", "save": "off", "star": "off"}
